// Jest Snapshot v1, https://goo.gl/fbAQLP

exports[`Home should render heading 1`] = `
<body>
  <div>
    <div
      class="relative flex justify-center items-center"
      style="opacity: 0;"
    >
      <div
        class="rounded-full border border-[#333333] h-[100px] w-[100px]  md:h-[200px] md:w-[200px] mt-52 absolute animate-ping"
      />
      <div
        class="rounded-full border border-[#333333] h-[200px] w-[200px]  md:h-[300px] md:w-[300px] mt-52 absolute"
      />
      <div
        class="rounded-full border border-[#333333] h-[250px] w-[250px]  md:h-[500px] md:w-[500px] mt-52 absolute"
      />
      <div
        class="rounded-full border border-[#F7AB0A] h-[300px] w-[300px]  md:h-[650px] md:w-[650px] mt-52 absolute animate-pulse opacity-20"
      />
      <div
        class="rounded-full border border-[#333333] h-[350px] w-[350px]  md:h-[800px] md:w-[800px] mt-52 absolute"
      />
    </div>
  </div>
</body>
`;
